#
# A fatal error has been detected by the Java Runtime Environment:
#
#  EXCEPTION_ACCESS_VIOLATION (0xc0000005) at pc=0x00007fff5c461bd1, pid=18132, tid=14776
#
# JRE version:  (21.0.8+9) (build )
# Java VM: OpenJDK 64-Bit Server VM (21.0.8+9-LTS, mixed mode, sharing, tiered, compressed class ptrs, unknown gc, windows-amd64)
# Problematic frame:
# C  [jimage.dll+0x1bd1]
#
# No core dump will be written. Minidumps are not enabled by default on client versions of Windows
#
#

---------------  S U M M A R Y ------------

Command Line: 

Host: 11th Gen Intel(R) Core(TM) i5-1135G7 @ 2.40GHz, 8 cores, 15G,  Windows 11 , 64 bit Build 26100 (10.0.26100.8521)
Time: Sun Jun 21 00:49:30 2026 Hora oficial do Brasil elapsed time: 0.038345 seconds (0d 0h 0m 0s)

---------------  T H R E A D  ---------------

Current thread is native thread

Stack: [0x000000f530a00000,0x000000f530b00000],  sp=0x000000f530afd640,  free space=1013k
Native frames: (J=compiled Java code, j=interpreted, Vv=VM code, C=native code)
C  [jimage.dll+0x1bd1]
C  [jimage.dll+0x1d5f]
C  [jimage.dll+0x2641]
V  [jvm.dll+0x224ee0]
V  [jvm.dll+0xcb377]
V  [jvm.dll+0x86e03c]
V  [jvm.dll+0x45cfae]
V  [jvm.dll+0x45ec31]
C  [jli.dll+0x52ab]
C  [ucrtbase.dll+0x2cd30]
C  [KERNEL32.DLL+0x2e957]
C  [ntdll.dll+0x87c1c]


siginfo: EXCEPTION_ACCESS_VIOLATION (0xc0000005), reading address 0x000000000000090c


Registers:
RAX=0x000000000000023c, RBX=0x000000f530afd731, RCX=0x00007fff5c466000, RDX=0x000000000000023c
RSP=0x000000f530afd640, RBP=0x000000f530afd730, RSI=0x0000000000006f34, RDI=0x000000f530afd730
R8 =0x00007fff5c464288, R9 =0x000000000000001c, R10=0x00007fff30f70000, R11=0x00007fff5c466000
R12=0x0000000000000000, R13=0x000000f530affbc0, R14=0x000000f530afe7a0, R15=0x00007ffe99a5d4c0
RIP=0x00007fff5c461bd1, EFLAGS=0x0000000000010246

XMM[0]=0x0000000000000000 0x0000000000000000
XMM[1]=0x2f6d762f6c616e72 0x65746e692f6b646a
XMM[2]=0x736e6f6974706f2f 0x6d762f6c616e7265
XMM[3]=0x0000000000000000 0x0000000000000000
XMM[4]=0x0000000000000000 0x0000000000000000
XMM[5]=0x0000000000000000 0x0000000000000000
XMM[6]=0x0000000000000000 0x0000000000000000
XMM[7]=0x0000000000000000 0x0000000000000000
XMM[8]=0x0000000000000000 0x0000000000000000
XMM[9]=0x0000000000000000 0x0000000000000000
XMM[10]=0x0000000000000000 0x0000000000000000
XMM[11]=0x0000000000000000 0x0000000000000000
XMM[12]=0x0000000000000000 0x0000000000000000
XMM[13]=0x0000000000000000 0x0000000000000000
XMM[14]=0x0000000000000000 0x0000000000000000
XMM[15]=0x0000000000000000 0x0000000000000000
  MXCSR=0x00001f80


Top of Stack: (sp=0x000000f530afd640)
0x000000f530afd640:   0000023b00000000 00007fff833b74ba
0x000000f530afd650:   0000023b00000200 0000023b942c9c62
0x000000f530afd660:   0000023b942ac1f0 00007fff5c461d5f
0x000000f530afd670:   000000000000000b 0000023b942ac1f0
0x000000f530afd680:   0000000000000200 0000023b942c9e16
0x000000f530afd690:   0000023b942931a0 00000000000001e5
0x000000f530afd6a0:   0000000000000000 0000000094280150
0x000000f530afd6b0:   0000006f00000000 0000023b9437b8d0
0x000000f530afd6c0:   0000023b9437b8d0 000000f530afd740
0x000000f530afd6d0:   0000642dda18aef0 00007fff833122fd
0x000000f530afd6e0:   00007ffe99a3adb0 0000000000000017
0x000000f530afd6f0:   0000023b942ac1f0 000000f530afe7a0
0x000000f530afd700:   000000000000000b 00007fff5c462641
0x000000f530afd710:   0000023b96647000 0000000000000007
0x000000f530afd720:   0000023b942b0450 0000000000000001
0x000000f530afd730:   61622e6176616a2f 692f6b646a2f6573
0x000000f530afd740:   2f6c616e7265746e 6f6974706f2f6d76
0x000000f530afd750:   000000000000736e 0000023b96687170
0x000000f530afd760:   0000000000005ec0 00007fff833b6628
0x000000f530afd770:   0000023b942b0090 0000023b94280150
0x000000f530afd780:   0000023b9668d030 0000023b94280000
0x000000f530afd790:   0000023b00000300 00000000000005ec
0x000000f530afd7a0:   00000000000001f9 0000023b9436fa40
0x000000f530afd7b0:   0000000101000000 00007f0100000001
0x000000f530afd7c0:   0000023b96687180 0000000000000000
0x000000f530afd7d0:   000000f500000000 0000023b96687170
0x000000f530afd7e0:   0000000000000000 0000000000000000
0x000000f530afd7f0:   0000023b00000001 0000023b0026003e
0x000000f530afd800:   0000000000000000 0000023b96687170
0x000000f530afd810:   000000f530afe130 0000000000000001
0x000000f530afd820:   000000000000036c 0000000000000038
0x000000f530afd830:   0000000000000001 000000000000036c 

Instructions: (pc=0x00007fff5c461bd1)
0x00007fff5c461ad1:   48 85 c9 74 1d 80 3d 33 45 00 00 00 74 06 48 8b
0x00007fff5c461ae1:   53 18 eb 04 48 8b 53 40 e8 b2 0e 00 00 48 83 63
0x00007fff5c461af1:   48 00 8b 4b 0c 83 f9 ff 74 09 e8 e8 0c 00 00 83
0x00007fff5c461b01:   4b 0c ff 48 8b 4b 70 48 85 c9 74 0f ba 10 00 00
0x00007fff5c461b11:   00 e8 09 0f 00 00 48 83 63 70 00 48 83 c4 20 5b
0x00007fff5c461b21:   c3 cc cc 40 53 48 83 ec 20 48 8b d9 48 8d 0d ec
0x00007fff5c461b31:   46 00 00 e8 b7 0c 00 00 83 6b 08 01 75 24 48 8b
0x00007fff5c461b41:   d3 48 8d 0d cf 44 00 00 e8 22 08 00 00 48 8b cb
0x00007fff5c461b51:   e8 de fe ff ff ba 78 00 00 00 48 8b cb e8 bd 0e
0x00007fff5c461b61:   00 00 48 8d 0d b6 46 00 00 48 83 c4 20 5b e9 84
0x00007fff5c461b71:   0c 00 00 48 89 5c 24 08 48 89 74 24 10 57 48 83
0x00007fff5c461b81:   ec 20 41 8b f1 4d 8b c8 48 8b fa 4c 8b d9 4d 85
0x00007fff5c461b91:   c0 74 78 85 f6 74 74 44 8a 12 48 8d 5a 01 48 8b
0x00007fff5c461ba1:   d3 b8 93 01 00 01 eb 12 69 c0 93 01 00 01 41 0f
0x00007fff5c461bb1:   b6 ca 44 8a 12 33 c1 48 ff c2 45 84 d2 75 e9 4d
0x00007fff5c461bc1:   8b 03 0f ba f0 1f 33 d2 49 8b cb f7 f6 48 63 c2
0x00007fff5c461bd1:   41 8b 14 81 41 ff 50 08 85 c0 7e 24 8a 0f eb 10
0x00007fff5c461be1:   69 c0 93 01 00 01 0f b6 c9 33 c1 8a 0b 48 ff c3
0x00007fff5c461bf1:   84 c9 75 ec 0f ba f0 1f 33 d2 f7 f6 8b c2 eb 0e
0x00007fff5c461c01:   79 09 83 c9 ff 2b c8 8b c1 eb 03 83 c8 ff 48 8b
0x00007fff5c461c11:   5c 24 30 48 8b 74 24 38 48 83 c4 20 5f c3 cc 48
0x00007fff5c461c21:   89 5c 24 08 48 89 74 24 10 57 48 83 ec 20 48 8b
0x00007fff5c461c31:   f1 48 8d 0d e7 45 00 00 e8 b2 0b 00 00 33 ff 39
0x00007fff5c461c41:   3d d2 43 00 00 76 24 48 8b 05 d1 43 00 00 48 8b
0x00007fff5c461c51:   d6 48 8b 1c f8 48 8b 0b e8 7c 1e 00 00 85 c0 74
0x00007fff5c461c61:   2b ff c7 3b 3d ae 43 00 00 72 dc 33 db 48 8d 0d
0x00007fff5c461c71:   ab 45 00 00 e8 7e 0b 00 00 48 8b 74 24 38 48 8b
0x00007fff5c461c81:   c3 48 8b 5c 24 30 48 83 c4 20 5f c3 ff 43 08 eb
0x00007fff5c461c91:   dc cc cc 48 89 5c 24 08 48 89 74 24 10 57 48 83
0x00007fff5c461ca1:   ec 20 48 8b d9 48 8b f2 48 8b 49 10 49 8b f8 8b
0x00007fff5c461cb1:   53 30 48 8b 01 ff 50 20 4c 8b 43 50 48 8b d6 48
0x00007fff5c461cc1:   8b 4b 10 44 8b c8 e8 a8 fe ff ff 83 f8 ff 74 38 



---------------  P R O C E S S  ---------------

VM state: not at safepoint (not fully initialized)

VM Mutex/Monitor currently owned by a thread: None

CDS archive(s) mapped at: [0x0000000000000000-0x0000000000000000-0x0000000000000000), size 0, SharedBaseAddress: 0x0000000800000000, ArchiveRelocationMode: 1.
Narrow klass base: 0x0000000000000000, Narrow klass shift: 0, Narrow klass range: 0x0

GC Precious Log:
<Not initialized>


Dynamic libraries:
0x00007ff7ea4e0000 - 0x00007ff7ea556000 	C:\Users\Pedro\AppData\Local\JetBrains\IntelliJIdea2026.1\acp-agents\junie\1966.57.0\junie\junie.exe
0x00007fff832a0000 - 0x00007fff83506000 	C:\WINDOWS\SYSTEM32\ntdll.dll
0x00007fff82870000 - 0x00007fff82939000 	C:\WINDOWS\System32\KERNEL32.DLL
0x00007fff80c10000 - 0x00007fff8100a000 	C:\WINDOWS\System32\KERNELBASE.dll
0x00007fff82310000 - 0x00007fff824d7000 	C:\WINDOWS\System32\USER32.dll
0x00007fff805e0000 - 0x00007fff80607000 	C:\WINDOWS\System32\win32u.dll
0x00007fff82bf0000 - 0x00007fff82c1b000 	C:\WINDOWS\System32\GDI32.dll
0x00007fff80a30000 - 0x00007fff80b5b000 	C:\WINDOWS\System32\gdi32full.dll
0x00007fff80b60000 - 0x00007fff80c03000 	C:\WINDOWS\System32\msvcp_win.dll
0x00007fff808e0000 - 0x00007fff80a2c000 	C:\WINDOWS\System32\ucrtbase.dll
0x00007fff81900000 - 0x00007fff82084000 	C:\WINDOWS\System32\SHELL32.dll
0x00007fff82fb0000 - 0x00007fff82fe2000 	C:\WINDOWS\System32\IMM32.DLL
0x00007fff82770000 - 0x00007fff82866000 	C:\WINDOWS\System32\shcore.dll
0x00007fff31060000 - 0x00007fff31078000 	C:\Users\Pedro\AppData\Local\JetBrains\IntelliJIdea2026.1\acp-agents\junie\1966.57.0\junie\runtime\bin\jli.dll
0x00007fff68e20000 - 0x00007fff690b2000 	C:\WINDOWS\WinSxS\amd64_microsoft.windows.common-controls_6595b64144ccf1df_6.0.26100.8521_none_3e08b75ce33403b3\COMCTL32.dll
0x00007fff82b20000 - 0x00007fff82bc9000 	C:\WINDOWS\System32\msvcrt.dll
0x00007fff30f70000 - 0x00007fff30f8b000 	C:\Users\Pedro\AppData\Local\JetBrains\IntelliJIdea2026.1\acp-agents\junie\1966.57.0\junie\runtime\bin\VCRUNTIME140.dll
0x00007fff6b970000 - 0x00007fff6b97c000 	C:\Users\Pedro\AppData\Local\JetBrains\IntelliJIdea2026.1\acp-agents\junie\1966.57.0\junie\runtime\bin\vcruntime140_1.dll
0x00007ffefebe0000 - 0x00007ffefec6d000 	C:\Users\Pedro\AppData\Local\JetBrains\IntelliJIdea2026.1\acp-agents\junie\1966.57.0\junie\runtime\bin\msvcp140.dll
0x00007ffe99040000 - 0x00007ffe99de7000 	C:\Users\Pedro\AppData\Local\JetBrains\IntelliJIdea2026.1\acp-agents\junie\1966.57.0\junie\runtime\bin\server\jvm.dll
0x00007fff81830000 - 0x00007fff818e6000 	C:\WINDOWS\System32\ADVAPI32.dll
0x00007fff824e0000 - 0x00007fff8258a000 	C:\WINDOWS\System32\sechost.dll
0x00007fff81010000 - 0x00007fff81128000 	C:\WINDOWS\System32\RPCRT4.dll
0x00007fff829c0000 - 0x00007fff82a40000 	C:\WINDOWS\System32\WS2_32.dll
0x00007fff80390000 - 0x00007fff803ee000 	C:\WINDOWS\SYSTEM32\POWRPROF.dll
0x00007fff6c350000 - 0x00007fff6c386000 	C:\WINDOWS\SYSTEM32\WINMM.dll
0x00007fff70b00000 - 0x00007fff70b0b000 	C:\WINDOWS\SYSTEM32\VERSION.dll
0x00007fff80370000 - 0x00007fff80384000 	C:\WINDOWS\SYSTEM32\UMPDC.dll
0x00007fff7f2c0000 - 0x00007fff7f2db000 	C:\WINDOWS\SYSTEM32\kernel.appcore.dll
0x00007fff5c460000 - 0x00007fff5c46a000 	C:\Users\Pedro\AppData\Local\JetBrains\IntelliJIdea2026.1\acp-agents\junie\1966.57.0\junie\runtime\bin\jimage.dll
0x00007fff7dbf0000 - 0x00007fff7de32000 	C:\WINDOWS\SYSTEM32\DBGHELP.DLL
0x00007fff82c20000 - 0x00007fff82fa3000 	C:\WINDOWS\System32\combase.dll
0x00007fff82090000 - 0x00007fff82169000 	C:\WINDOWS\System32\OLEAUT32.dll
0x00007fff5fec0000 - 0x00007fff5fefb000 	C:\WINDOWS\SYSTEM32\dbgcore.DLL
0x00007fff80530000 - 0x00007fff805d8000 	C:\WINDOWS\System32\bcryptPrimitives.dll

JVMTI agents: none

dbghelp: loaded successfully - version: 4.0.5 - missing functions: none
symbol engine: initialized successfully - sym options: 0x614 - pdb path: .;C:\Users\Pedro\AppData\Local\JetBrains\IntelliJIdea2026.1\acp-agents\junie\1966.57.0\junie;C:\WINDOWS\SYSTEM32;C:\Users\Pedro\AppData\Local\JetBrains\IntelliJIdea2026.1\acp-agents\junie\1966.57.0\junie\runtime\bin;C:\WINDOWS\WinSxS\amd64_microsoft.windows.common-controls_6595b64144ccf1df_6.0.26100.8521_none_3e08b75ce33403b3;C:\Users\Pedro\AppData\Local\JetBrains\IntelliJIdea2026.1\acp-agents\junie\1966.57.0\junie\runtime\bin\server

VM Arguments:
java_command: <unknown>
java_class_path (initial): <not set>
Launcher Type: SUN_STANDARD

[Global flags]
     bool UseLargePagesIndividualAllocation        = false                                  {pd product} {ergonomic}

Logging:
Log output configuration:
 #0: stdout all=warning uptime,level,tags foldmultilines=false
 #1: stderr all=off uptime,level,tags foldmultilines=false

Environment Variables:
PATH=C:\Program Files\Common Files\Oracle\Java\javapath;C:\WINDOWS\system32;C:\WINDOWS;C:\WINDOWS\System32\Wbem;C:\WINDOWS\System32\WindowsPowerShell\v1.0\;C:\WINDOWS\System32\OpenSSH\;C:\MinGW\bin;C:\Program Files (x86)\Microsoft SQL Server\160\Tools\Binn\;C:\Program Files\Microsoft SQL Server\160\Tools\Binn\;C:\Program Files\Microsoft SQL Server\Client SDK\ODBC\170\Tools\Binn\;C:\Program Files\Microsoft SQL Server\160\DTS\Binn\;C:\Program Files (x86)\Microsoft SQL Server\160\DTS\Binn\;C:\Program Files\Azure Data Studio\bin;C:\Program Files\dotnet\;C:\Program Files\Git\cmd;C:\Program Files\GitHub CLI\;C:\Program Files\Docker\Docker\resources\bin;C:\Program Files\consul_1.22.0_windows_amd64;C:\Program Files\Amazon\AWSCLIV2\;C:\Program Files\Amazon\AWSSAMCLI\bin\;C:\Program Files\nodejs\;C:\Users\Pedro\AppData\Local\Programs\Python\Python311\Scripts\;C:\Users\Pedro\AppData\Local\Programs\Python\Python311\;C:\Users\Pedro\AppData\Local\Programs\Python\Launcher\;C:\Program Files\MySQL\MySQL Shell 8.4\bin\;C:\Program Files\MySQL\MySQL Shell 8.0\bin\;C:\Users\Pedro\AppData\Local\Microsoft\WindowsApps;C:\Users\Pedro\AppData\Local\Programs\Microsoft VS Code\bin;C:\Program Files\heroku\bin;C:\Program Files\Azure Data Studio\bin;C:\k6;C:\Users\Pedro\AppData\Roaming\npm;C:\Users\Pedro\AppData\Local\JetBrains\IntelliJIdea2026.1\acp-agents\junie\1966.57.0\junie\app
USERNAME=Pedro
OS=Windows_NT
PROCESSOR_IDENTIFIER=Intel64 Family 6 Model 140 Stepping 1, GenuineIntel
TMP=C:\Users\Pedro\AppData\Local\Temp
TEMP=C:\Users\Pedro\AppData\Local\Temp




Periodic native trim disabled

---------------  S Y S T E M  ---------------

OS:
 Windows 11 , 64 bit Build 26100 (10.0.26100.8521)
OS uptime: 0 days 5:26 hours

CPU: total 8 (initial active 0) 
Processor Information for the first 8 processors :
  Max Mhz: 2419, Current Mhz: 2419, Mhz Limit: 2419

Memory: 4k page, system-wide physical 16107M (2990M free)
TotalPageFile size 24441M (AvailPageFile size 2342M)
current process WorkingSet (physical memory assigned to process): 11M, peak: 11M
current process commit charge ("private bytes"): 3M, peak: 3M

vm_info: OpenJDK 64-Bit Server VM (21.0.8+9-LTS) for windows-amd64 JRE (21.0.8+9-LTS), built on 2025-07-09T19:22:31Z by "Administrator" with MS VC++ 16.10 / 16.11 (VS2019)

END.
